[0.054s] DEBUG:colcon:Command line arguments: ['/usr/bin/colcon', 'build', '--packages-select', 'demo_bot_moveit_config']
[0.054s] DEBUG:colcon:Parsed command line arguments: Namespace(log_base=None, log_level=None, verb_name='build', build_base='build', install_base='install', merge_install=False, symlink_install=False, test_result_base=None, continue_on_error=False, executor='parallel', parallel_workers=32, event_handlers=None, ignore_user_meta=False, metas=['./colcon.meta'], base_paths=['.'], packages_ignore=None, packages_ignore_regex=None, paths=None, packages_up_to=None, packages_up_to_regex=None, packages_above=None, packages_above_and_dependencies=None, packages_above_depth=None, packages_select_by_dep=None, packages_skip_by_dep=None, packages_skip_up_to=None, packages_select_build_failed=False, packages_skip_build_finished=False, packages_select_test_failures=False, packages_skip_test_passed=False, packages_select=['demo_bot_moveit_config'], packages_skip=None, packages_select_regex=None, packages_skip_regex=None, packages_start=None, packages_end=None, allow_overriding=[], cmake_args=None, cmake_target=None, cmake_target_skip_unavailable=False, cmake_clean_cache=False, cmake_clean_first=False, cmake_force_configure=False, ament_cmake_args=None, catkin_cmake_args=None, catkin_skip_building_tests=False, mixin_files=None, mixin=None, verb_parser=<colcon_mixin.mixin.mixin_argument.MixinArgumentDecorator object at 0x7392540ab0a0>, verb_extension=<colcon_core.verb.build.BuildVerb object at 0x73925405c790>, main=<bound method BuildVerb.main of <colcon_core.verb.build.BuildVerb object at 0x73925405c790>>, mixin_verb=('build',))
[0.128s] Level 1:colcon.colcon_core.package_discovery:discover_packages(colcon_meta) check parameters
[0.128s] Level 1:colcon.colcon_core.package_discovery:discover_packages(recursive) check parameters
[0.128s] Level 1:colcon.colcon_core.package_discovery:discover_packages(ignore) check parameters
[0.128s] Level 1:colcon.colcon_core.package_discovery:discover_packages(path) check parameters
[0.128s] Level 1:colcon.colcon_core.package_discovery:discover_packages(colcon_meta) discover
[0.128s] Level 1:colcon.colcon_core.package_discovery:discover_packages(recursive) discover
[0.128s] INFO:colcon.colcon_core.package_discovery:Crawling recursively for packages in '/home/robot/AutoLab/robot/ros_ws/src'
[0.128s] Level 1:colcon.colcon_core.package_identification:_identify(.) by extensions ['ignore', 'ignore_ament_install']
[0.128s] Level 1:colcon.colcon_core.package_identification:_identify(.) by extension 'ignore'
[0.128s] Level 1:colcon.colcon_core.package_identification:_identify(.) by extension 'ignore_ament_install'
[0.128s] Level 1:colcon.colcon_core.package_identification:_identify(.) by extensions ['colcon_pkg']
[0.128s] Level 1:colcon.colcon_core.package_identification:_identify(.) by extension 'colcon_pkg'
[0.129s] Level 1:colcon.colcon_core.package_identification:_identify(.) by extensions ['colcon_meta']
[0.129s] Level 1:colcon.colcon_core.package_identification:_identify(.) by extension 'colcon_meta'
[0.129s] Level 1:colcon.colcon_core.package_identification:_identify(.) by extensions ['ros']
[0.129s] Level 1:colcon.colcon_core.package_identification:_identify(.) by extension 'ros'
[0.137s] Level 1:colcon.colcon_core.package_identification:_identify(.) by extensions ['cmake', 'python']
[0.137s] Level 1:colcon.colcon_core.package_identification:_identify(.) by extension 'cmake'
[0.137s] Level 1:colcon.colcon_core.package_identification:_identify(.) by extension 'python'
[0.137s] Level 1:colcon.colcon_core.package_identification:_identify(.) by extensions ['python_setup_py']
[0.137s] Level 1:colcon.colcon_core.package_identification:_identify(.) by extension 'python_setup_py'
[0.137s] Level 1:colcon.colcon_core.package_identification:_identify(autonomy) by extensions ['ignore', 'ignore_ament_install']
[0.137s] Level 1:colcon.colcon_core.package_identification:_identify(autonomy) by extension 'ignore'
[0.137s] Level 1:colcon.colcon_core.package_identification:_identify(autonomy) by extension 'ignore_ament_install'
[0.137s] Level 1:colcon.colcon_core.package_identification:_identify(autonomy) by extensions ['colcon_pkg']
[0.137s] Level 1:colcon.colcon_core.package_identification:_identify(autonomy) by extension 'colcon_pkg'
[0.137s] Level 1:colcon.colcon_core.package_identification:_identify(autonomy) by extensions ['colcon_meta']
[0.137s] Level 1:colcon.colcon_core.package_identification:_identify(autonomy) by extension 'colcon_meta'
[0.137s] Level 1:colcon.colcon_core.package_identification:_identify(autonomy) by extensions ['ros']
[0.137s] Level 1:colcon.colcon_core.package_identification:_identify(autonomy) by extension 'ros'
[0.137s] Level 1:colcon.colcon_core.package_identification:_identify(autonomy) by extensions ['cmake', 'python']
[0.137s] Level 1:colcon.colcon_core.package_identification:_identify(autonomy) by extension 'cmake'
[0.137s] Level 1:colcon.colcon_core.package_identification:_identify(autonomy) by extension 'python'
[0.137s] Level 1:colcon.colcon_core.package_identification:_identify(autonomy) by extensions ['python_setup_py']
[0.137s] Level 1:colcon.colcon_core.package_identification:_identify(autonomy) by extension 'python_setup_py'
[0.137s] Level 1:colcon.colcon_core.package_identification:_identify(autonomy/0_interface) by extensions ['ignore', 'ignore_ament_install']
[0.137s] Level 1:colcon.colcon_core.package_identification:_identify(autonomy/0_interface) by extension 'ignore'
[0.137s] Level 1:colcon.colcon_core.package_identification:_identify(autonomy/0_interface) by extension 'ignore_ament_install'
[0.137s] Level 1:colcon.colcon_core.package_identification:_identify(autonomy/0_interface) by extensions ['colcon_pkg']
[0.137s] Level 1:colcon.colcon_core.package_identification:_identify(autonomy/0_interface) by extension 'colcon_pkg'
[0.137s] Level 1:colcon.colcon_core.package_identification:_identify(autonomy/0_interface) by extensions ['colcon_meta']
[0.137s] Level 1:colcon.colcon_core.package_identification:_identify(autonomy/0_interface) by extension 'colcon_meta'
[0.137s] Level 1:colcon.colcon_core.package_identification:_identify(autonomy/0_interface) by extensions ['ros']
[0.137s] Level 1:colcon.colcon_core.package_identification:_identify(autonomy/0_interface) by extension 'ros'
[0.137s] Level 1:colcon.colcon_core.package_identification:_identify(autonomy/0_interface) by extensions ['cmake', 'python']
[0.137s] Level 1:colcon.colcon_core.package_identification:_identify(autonomy/0_interface) by extension 'cmake'
[0.137s] Level 1:colcon.colcon_core.package_identification:_identify(autonomy/0_interface) by extension 'python'
[0.137s] Level 1:colcon.colcon_core.package_identification:_identify(autonomy/0_interface) by extensions ['python_setup_py']
[0.137s] Level 1:colcon.colcon_core.package_identification:_identify(autonomy/0_interface) by extension 'python_setup_py'
[0.137s] Level 1:colcon.colcon_core.package_identification:_identify(autonomy/0_interface/interface_bringup) by extensions ['ignore', 'ignore_ament_install']
[0.137s] Level 1:colcon.colcon_core.package_identification:_identify(autonomy/0_interface/interface_bringup) by extension 'ignore'
[0.137s] Level 1:colcon.colcon_core.package_identification:_identify(autonomy/0_interface/interface_bringup) by extension 'ignore_ament_install'
[0.137s] Level 1:colcon.colcon_core.package_identification:_identify(autonomy/0_interface/interface_bringup) by extensions ['colcon_pkg']
[0.137s] Level 1:colcon.colcon_core.package_identification:_identify(autonomy/0_interface/interface_bringup) by extension 'colcon_pkg'
[0.137s] Level 1:colcon.colcon_core.package_identification:_identify(autonomy/0_interface/interface_bringup) by extensions ['colcon_meta']
[0.137s] Level 1:colcon.colcon_core.package_identification:_identify(autonomy/0_interface/interface_bringup) by extension 'colcon_meta'
[0.137s] Level 1:colcon.colcon_core.package_identification:_identify(autonomy/0_interface/interface_bringup) by extensions ['ros']
[0.137s] Level 1:colcon.colcon_core.package_identification:_identify(autonomy/0_interface/interface_bringup) by extension 'ros'
[0.138s] DEBUG:colcon.colcon_core.package_identification:Package 'autonomy/0_interface/interface_bringup' with type 'ros.ament_cmake' and name 'interface_bringup'
[0.138s] Level 1:colcon.colcon_core.package_identification:_identify(autonomy/1_navigation) by extensions ['ignore', 'ignore_ament_install']
[0.138s] Level 1:colcon.colcon_core.package_identification:_identify(autonomy/1_navigation) by extension 'ignore'
[0.138s] Level 1:colcon.colcon_core.package_identification:_identify(autonomy/1_navigation) by extension 'ignore_ament_install'
[0.138s] Level 1:colcon.colcon_core.package_identification:_identify(autonomy/1_navigation) by extensions ['colcon_pkg']
[0.138s] Level 1:colcon.colcon_core.package_identification:_identify(autonomy/1_navigation) by extension 'colcon_pkg'
[0.138s] Level 1:colcon.colcon_core.package_identification:_identify(autonomy/1_navigation) by extensions ['colcon_meta']
[0.138s] Level 1:colcon.colcon_core.package_identification:_identify(autonomy/1_navigation) by extension 'colcon_meta'
[0.138s] Level 1:colcon.colcon_core.package_identification:_identify(autonomy/1_navigation) by extensions ['ros']
[0.138s] Level 1:colcon.colcon_core.package_identification:_identify(autonomy/1_navigation) by extension 'ros'
[0.138s] Level 1:colcon.colcon_core.package_identification:_identify(autonomy/1_navigation) by extensions ['cmake', 'python']
[0.138s] Level 1:colcon.colcon_core.package_identification:_identify(autonomy/1_navigation) by extension 'cmake'
[0.138s] Level 1:colcon.colcon_core.package_identification:_identify(autonomy/1_navigation) by extension 'python'
[0.138s] Level 1:colcon.colcon_core.package_identification:_identify(autonomy/1_navigation) by extensions ['python_setup_py']
[0.138s] Level 1:colcon.colcon_core.package_identification:_identify(autonomy/1_navigation) by extension 'python_setup_py'
[0.138s] Level 1:colcon.colcon_core.package_identification:_identify(autonomy/1_navigation/navigation_bringup) by extensions ['ignore', 'ignore_ament_install']
[0.139s] Level 1:colcon.colcon_core.package_identification:_identify(autonomy/1_navigation/navigation_bringup) by extension 'ignore'
[0.139s] Level 1:colcon.colcon_core.package_identification:_identify(autonomy/1_navigation/navigation_bringup) by extension 'ignore_ament_install'
[0.139s] Level 1:colcon.colcon_core.package_identification:_identify(autonomy/1_navigation/navigation_bringup) by extensions ['colcon_pkg']
[0.139s] Level 1:colcon.colcon_core.package_identification:_identify(autonomy/1_navigation/navigation_bringup) by extension 'colcon_pkg'
[0.139s] Level 1:colcon.colcon_core.package_identification:_identify(autonomy/1_navigation/navigation_bringup) by extensions ['colcon_meta']
[0.139s] Level 1:colcon.colcon_core.package_identification:_identify(autonomy/1_navigation/navigation_bringup) by extension 'colcon_meta'
[0.139s] Level 1:colcon.colcon_core.package_identification:_identify(autonomy/1_navigation/navigation_bringup) by extensions ['ros']
[0.139s] Level 1:colcon.colcon_core.package_identification:_identify(autonomy/1_navigation/navigation_bringup) by extension 'ros'
[0.139s] DEBUG:colcon.colcon_core.package_identification:Package 'autonomy/1_navigation/navigation_bringup' with type 'ros.ament_cmake' and name 'navigation_bringup'
[0.139s] Level 1:colcon.colcon_core.package_identification:_identify(autonomy/1_navigation/navigation_controller) by extensions ['ignore', 'ignore_ament_install']
[0.139s] Level 1:colcon.colcon_core.package_identification:_identify(autonomy/1_navigation/navigation_controller) by extension 'ignore'
[0.139s] Level 1:colcon.colcon_core.package_identification:_identify(autonomy/1_navigation/navigation_controller) by extension 'ignore_ament_install'
[0.139s] Level 1:colcon.colcon_core.package_identification:_identify(autonomy/1_navigation/navigation_controller) by extensions ['colcon_pkg']
[0.139s] Level 1:colcon.colcon_core.package_identification:_identify(autonomy/1_navigation/navigation_controller) by extension 'colcon_pkg'
[0.139s] Level 1:colcon.colcon_core.package_identification:_identify(autonomy/1_navigation/navigation_controller) by extensions ['colcon_meta']
[0.139s] Level 1:colcon.colcon_core.package_identification:_identify(autonomy/1_navigation/navigation_controller) by extension 'colcon_meta'
[0.139s] Level 1:colcon.colcon_core.package_identification:_identify(autonomy/1_navigation/navigation_controller) by extensions ['ros']
[0.139s] Level 1:colcon.colcon_core.package_identification:_identify(autonomy/1_navigation/navigation_controller) by extension 'ros'
[0.139s] DEBUG:colcon.colcon_core.package_identification:Package 'autonomy/1_navigation/navigation_controller' with type 'ros.ament_cmake' and name 'navigation_controller'
[0.139s] Level 1:colcon.colcon_core.package_identification:_identify(autonomy/2_mapping_and_localization) by extensions ['ignore', 'ignore_ament_install']
[0.139s] Level 1:colcon.colcon_core.package_identification:_identify(autonomy/2_mapping_and_localization) by extension 'ignore'
[0.139s] Level 1:colcon.colcon_core.package_identification:_identify(autonomy/2_mapping_and_localization) by extension 'ignore_ament_install'
[0.139s] Level 1:colcon.colcon_core.package_identification:_identify(autonomy/2_mapping_and_localization) by extensions ['colcon_pkg']
[0.139s] Level 1:colcon.colcon_core.package_identification:_identify(autonomy/2_mapping_and_localization) by extension 'colcon_pkg'
[0.139s] Level 1:colcon.colcon_core.package_identification:_identify(autonomy/2_mapping_and_localization) by extensions ['colcon_meta']
[0.139s] Level 1:colcon.colcon_core.package_identification:_identify(autonomy/2_mapping_and_localization) by extension 'colcon_meta'
[0.139s] Level 1:colcon.colcon_core.package_identification:_identify(autonomy/2_mapping_and_localization) by extensions ['ros']
[0.139s] Level 1:colcon.colcon_core.package_identification:_identify(autonomy/2_mapping_and_localization) by extension 'ros'
[0.139s] Level 1:colcon.colcon_core.package_identification:_identify(autonomy/2_mapping_and_localization) by extensions ['cmake', 'python']
[0.139s] Level 1:colcon.colcon_core.package_identification:_identify(autonomy/2_mapping_and_localization) by extension 'cmake'
[0.139s] Level 1:colcon.colcon_core.package_identification:_identify(autonomy/2_mapping_and_localization) by extension 'python'
[0.139s] Level 1:colcon.colcon_core.package_identification:_identify(autonomy/2_mapping_and_localization) by extensions ['python_setup_py']
[0.139s] Level 1:colcon.colcon_core.package_identification:_identify(autonomy/2_mapping_and_localization) by extension 'python_setup_py'
[0.139s] Level 1:colcon.colcon_core.package_identification:_identify(autonomy/2_mapping_and_localization/mapping_and_localization_bringup) by extensions ['ignore', 'ignore_ament_install']
[0.140s] Level 1:colcon.colcon_core.package_identification:_identify(autonomy/2_mapping_and_localization/mapping_and_localization_bringup) by extension 'ignore'
[0.140s] Level 1:colcon.colcon_core.package_identification:_identify(autonomy/2_mapping_and_localization/mapping_and_localization_bringup) by extension 'ignore_ament_install'
[0.140s] Level 1:colcon.colcon_core.package_identification:_identify(autonomy/2_mapping_and_localization/mapping_and_localization_bringup) by extensions ['colcon_pkg']
[0.140s] Level 1:colcon.colcon_core.package_identification:_identify(autonomy/2_mapping_and_localization/mapping_and_localization_bringup) by extension 'colcon_pkg'
[0.140s] Level 1:colcon.colcon_core.package_identification:_identify(autonomy/2_mapping_and_localization/mapping_and_localization_bringup) by extensions ['colcon_meta']
[0.140s] Level 1:colcon.colcon_core.package_identification:_identify(autonomy/2_mapping_and_localization/mapping_and_localization_bringup) by extension 'colcon_meta'
[0.140s] Level 1:colcon.colcon_core.package_identification:_identify(autonomy/2_mapping_and_localization/mapping_and_localization_bringup) by extensions ['ros']
[0.140s] Level 1:colcon.colcon_core.package_identification:_identify(autonomy/2_mapping_and_localization/mapping_and_localization_bringup) by extension 'ros'
[0.140s] DEBUG:colcon.colcon_core.package_identification:Package 'autonomy/2_mapping_and_localization/mapping_and_localization_bringup' with type 'ros.ament_cmake' and name 'mapping_and_localization_bringup'
[0.140s] Level 1:colcon.colcon_core.package_identification:_identify(autonomy/2_mapping_and_localization/rtabmap) by extensions ['ignore', 'ignore_ament_install']
[0.140s] Level 1:colcon.colcon_core.package_identification:_identify(autonomy/2_mapping_and_localization/rtabmap) by extension 'ignore'
[0.140s] Level 1:colcon.colcon_core.package_identification:_identify(autonomy/2_mapping_and_localization/rtabmap) by extension 'ignore_ament_install'
[0.140s] Level 1:colcon.colcon_core.package_identification:_identify(autonomy/2_mapping_and_localization/rtabmap) by extensions ['colcon_pkg']
[0.140s] Level 1:colcon.colcon_core.package_identification:_identify(autonomy/2_mapping_and_localization/rtabmap) by extension 'colcon_pkg'
[0.140s] Level 1:colcon.colcon_core.package_identification:_identify(autonomy/2_mapping_and_localization/rtabmap) by extensions ['colcon_meta']
[0.140s] Level 1:colcon.colcon_core.package_identification:_identify(autonomy/2_mapping_and_localization/rtabmap) by extension 'colcon_meta'
[0.140s] Level 1:colcon.colcon_core.package_identification:_identify(autonomy/2_mapping_and_localization/rtabmap) by extensions ['ros']
[0.140s] Level 1:colcon.colcon_core.package_identification:_identify(autonomy/2_mapping_and_localization/rtabmap) by extension 'ros'
[0.140s] Level 1:colcon.colcon_core.package_identification:_identify(autonomy/2_mapping_and_localization/rtabmap) by extensions ['cmake', 'python']
[0.140s] Level 1:colcon.colcon_core.package_identification:_identify(autonomy/2_mapping_and_localization/rtabmap) by extension 'cmake'
[0.140s] Level 1:colcon.colcon_core.package_identification:_identify(autonomy/2_mapping_and_localization/rtabmap) by extension 'python'
[0.140s] Level 1:colcon.colcon_core.package_identification:_identify(autonomy/2_mapping_and_localization/rtabmap) by extensions ['python_setup_py']
[0.140s] Level 1:colcon.colcon_core.package_identification:_identify(autonomy/2_mapping_and_localization/rtabmap) by extension 'python_setup_py'
[0.140s] Level 1:colcon.colcon_core.package_identification:_identify(autonomy/2_mapping_and_localization/rtabmap_ros) by extensions ['ignore', 'ignore_ament_install']
[0.140s] Level 1:colcon.colcon_core.package_identification:_identify(autonomy/2_mapping_and_localization/rtabmap_ros) by extension 'ignore'
[0.140s] Level 1:colcon.colcon_core.package_identification:_identify(autonomy/2_mapping_and_localization/rtabmap_ros) by extension 'ignore_ament_install'
[0.140s] Level 1:colcon.colcon_core.package_identification:_identify(autonomy/2_mapping_and_localization/rtabmap_ros) by extensions ['colcon_pkg']
[0.140s] Level 1:colcon.colcon_core.package_identification:_identify(autonomy/2_mapping_and_localization/rtabmap_ros) by extension 'colcon_pkg'
[0.140s] Level 1:colcon.colcon_core.package_identification:_identify(autonomy/2_mapping_and_localization/rtabmap_ros) by extensions ['colcon_meta']
[0.140s] Level 1:colcon.colcon_core.package_identification:_identify(autonomy/2_mapping_and_localization/rtabmap_ros) by extension 'colcon_meta'
[0.140s] Level 1:colcon.colcon_core.package_identification:_identify(autonomy/2_mapping_and_localization/rtabmap_ros) by extensions ['ros']
[0.140s] Level 1:colcon.colcon_core.package_identification:_identify(autonomy/2_mapping_and_localization/rtabmap_ros) by extension 'ros'
[0.140s] Level 1:colcon.colcon_core.package_identification:_identify(autonomy/2_mapping_and_localization/rtabmap_ros) by extensions ['cmake', 'python']
[0.140s] Level 1:colcon.colcon_core.package_identification:_identify(autonomy/2_mapping_and_localization/rtabmap_ros) by extension 'cmake'
[0.140s] Level 1:colcon.colcon_core.package_identification:_identify(autonomy/2_mapping_and_localization/rtabmap_ros) by extension 'python'
[0.140s] Level 1:colcon.colcon_core.package_identification:_identify(autonomy/2_mapping_and_localization/rtabmap_ros) by extensions ['python_setup_py']
[0.140s] Level 1:colcon.colcon_core.package_identification:_identify(autonomy/2_mapping_and_localization/rtabmap_ros) by extension 'python_setup_py'
[0.140s] Level 1:colcon.colcon_core.package_identification:_identify(autonomy/3_perception) by extensions ['ignore', 'ignore_ament_install']
[0.140s] Level 1:colcon.colcon_core.package_identification:_identify(autonomy/3_perception) by extension 'ignore'
[0.140s] Level 1:colcon.colcon_core.package_identification:_identify(autonomy/3_perception) by extension 'ignore_ament_install'
[0.140s] Level 1:colcon.colcon_core.package_identification:_identify(autonomy/3_perception) by extensions ['colcon_pkg']
[0.140s] Level 1:colcon.colcon_core.package_identification:_identify(autonomy/3_perception) by extension 'colcon_pkg'
[0.140s] Level 1:colcon.colcon_core.package_identification:_identify(autonomy/3_perception) by extensions ['colcon_meta']
[0.140s] Level 1:colcon.colcon_core.package_identification:_identify(autonomy/3_perception) by extension 'colcon_meta'
[0.140s] Level 1:colcon.colcon_core.package_identification:_identify(autonomy/3_perception) by extensions ['ros']
[0.140s] Level 1:colcon.colcon_core.package_identification:_identify(autonomy/3_perception) by extension 'ros'
[0.140s] Level 1:colcon.colcon_core.package_identification:_identify(autonomy/3_perception) by extensions ['cmake', 'python']
[0.140s] Level 1:colcon.colcon_core.package_identification:_identify(autonomy/3_perception) by extension 'cmake'
[0.140s] Level 1:colcon.colcon_core.package_identification:_identify(autonomy/3_perception) by extension 'python'
[0.140s] Level 1:colcon.colcon_core.package_identification:_identify(autonomy/3_perception) by extensions ['python_setup_py']
[0.140s] Level 1:colcon.colcon_core.package_identification:_identify(autonomy/3_perception) by extension 'python_setup_py'
[0.140s] Level 1:colcon.colcon_core.package_identification:_identify(autonomy/3_perception/perception_bringup) by extensions ['ignore', 'ignore_ament_install']
[0.140s] Level 1:colcon.colcon_core.package_identification:_identify(autonomy/3_perception/perception_bringup) by extension 'ignore'
[0.140s] Level 1:colcon.colcon_core.package_identification:_identify(autonomy/3_perception/perception_bringup) by extension 'ignore_ament_install'
[0.140s] Level 1:colcon.colcon_core.package_identification:_identify(autonomy/3_perception/perception_bringup) by extensions ['colcon_pkg']
[0.140s] Level 1:colcon.colcon_core.package_identification:_identify(autonomy/3_perception/perception_bringup) by extension 'colcon_pkg'
[0.140s] Level 1:colcon.colcon_core.package_identification:_identify(autonomy/3_perception/perception_bringup) by extensions ['colcon_meta']
[0.140s] Level 1:colcon.colcon_core.package_identification:_identify(autonomy/3_perception/perception_bringup) by extension 'colcon_meta'
[0.140s] Level 1:colcon.colcon_core.package_identification:_identify(autonomy/3_perception/perception_bringup) by extensions ['ros']
[0.140s] Level 1:colcon.colcon_core.package_identification:_identify(autonomy/3_perception/perception_bringup) by extension 'ros'
[0.141s] DEBUG:colcon.colcon_core.package_identification:Package 'autonomy/3_perception/perception_bringup' with type 'ros.ament_cmake' and name 'perception_bringup'
[0.141s] Level 1:colcon.colcon_core.package_identification:_identify(autonomy/4_local) by extensions ['ignore', 'ignore_ament_install']
[0.141s] Level 1:colcon.colcon_core.package_identification:_identify(autonomy/4_local) by extension 'ignore'
[0.141s] Level 1:colcon.colcon_core.package_identification:_identify(autonomy/4_local) by extension 'ignore_ament_install'
[0.141s] Level 1:colcon.colcon_core.package_identification:_identify(autonomy/4_local) by extensions ['colcon_pkg']
[0.141s] Level 1:colcon.colcon_core.package_identification:_identify(autonomy/4_local) by extension 'colcon_pkg'
[0.141s] Level 1:colcon.colcon_core.package_identification:_identify(autonomy/4_local) by extensions ['colcon_meta']
[0.141s] Level 1:colcon.colcon_core.package_identification:_identify(autonomy/4_local) by extension 'colcon_meta'
[0.141s] Level 1:colcon.colcon_core.package_identification:_identify(autonomy/4_local) by extensions ['ros']
[0.141s] Level 1:colcon.colcon_core.package_identification:_identify(autonomy/4_local) by extension 'ros'
[0.141s] Level 1:colcon.colcon_core.package_identification:_identify(autonomy/4_local) by extensions ['cmake', 'python']
[0.141s] Level 1:colcon.colcon_core.package_identification:_identify(autonomy/4_local) by extension 'cmake'
[0.141s] Level 1:colcon.colcon_core.package_identification:_identify(autonomy/4_local) by extension 'python'
[0.141s] Level 1:colcon.colcon_core.package_identification:_identify(autonomy/4_local) by extensions ['python_setup_py']
[0.141s] Level 1:colcon.colcon_core.package_identification:_identify(autonomy/4_local) by extension 'python_setup_py'
[0.141s] Level 1:colcon.colcon_core.package_identification:_identify(autonomy/4_local/local_bringup) by extensions ['ignore', 'ignore_ament_install']
[0.141s] Level 1:colcon.colcon_core.package_identification:_identify(autonomy/4_local/local_bringup) by extension 'ignore'
[0.141s] Level 1:colcon.colcon_core.package_identification:_identify(autonomy/4_local/local_bringup) by extension 'ignore_ament_install'
[0.141s] Level 1:colcon.colcon_core.package_identification:_identify(autonomy/4_local/local_bringup) by extensions ['colcon_pkg']
[0.141s] Level 1:colcon.colcon_core.package_identification:_identify(autonomy/4_local/local_bringup) by extension 'colcon_pkg'
[0.141s] Level 1:colcon.colcon_core.package_identification:_identify(autonomy/4_local/local_bringup) by extensions ['colcon_meta']
[0.141s] Level 1:colcon.colcon_core.package_identification:_identify(autonomy/4_local/local_bringup) by extension 'colcon_meta'
[0.141s] Level 1:colcon.colcon_core.package_identification:_identify(autonomy/4_local/local_bringup) by extensions ['ros']
[0.141s] Level 1:colcon.colcon_core.package_identification:_identify(autonomy/4_local/local_bringup) by extension 'ros'
[0.141s] DEBUG:colcon.colcon_core.package_identification:Package 'autonomy/4_local/local_bringup' with type 'ros.ament_cmake' and name 'local_bringup'
[0.141s] Level 1:colcon.colcon_core.package_identification:_identify(autonomy/5_global) by extensions ['ignore', 'ignore_ament_install']
[0.141s] Level 1:colcon.colcon_core.package_identification:_identify(autonomy/5_global) by extension 'ignore'
[0.141s] Level 1:colcon.colcon_core.package_identification:_identify(autonomy/5_global) by extension 'ignore_ament_install'
[0.141s] Level 1:colcon.colcon_core.package_identification:_identify(autonomy/5_global) by extensions ['colcon_pkg']
[0.141s] Level 1:colcon.colcon_core.package_identification:_identify(autonomy/5_global) by extension 'colcon_pkg'
[0.141s] Level 1:colcon.colcon_core.package_identification:_identify(autonomy/5_global) by extensions ['colcon_meta']
[0.141s] Level 1:colcon.colcon_core.package_identification:_identify(autonomy/5_global) by extension 'colcon_meta'
[0.141s] Level 1:colcon.colcon_core.package_identification:_identify(autonomy/5_global) by extensions ['ros']
[0.141s] Level 1:colcon.colcon_core.package_identification:_identify(autonomy/5_global) by extension 'ros'
[0.141s] Level 1:colcon.colcon_core.package_identification:_identify(autonomy/5_global) by extensions ['cmake', 'python']
[0.141s] Level 1:colcon.colcon_core.package_identification:_identify(autonomy/5_global) by extension 'cmake'
[0.141s] Level 1:colcon.colcon_core.package_identification:_identify(autonomy/5_global) by extension 'python'
[0.141s] Level 1:colcon.colcon_core.package_identification:_identify(autonomy/5_global) by extensions ['python_setup_py']
[0.141s] Level 1:colcon.colcon_core.package_identification:_identify(autonomy/5_global) by extension 'python_setup_py'
[0.141s] Level 1:colcon.colcon_core.package_identification:_identify(autonomy/5_global/global_bringup) by extensions ['ignore', 'ignore_ament_install']
[0.141s] Level 1:colcon.colcon_core.package_identification:_identify(autonomy/5_global/global_bringup) by extension 'ignore'
[0.141s] Level 1:colcon.colcon_core.package_identification:_identify(autonomy/5_global/global_bringup) by extension 'ignore_ament_install'
[0.141s] Level 1:colcon.colcon_core.package_identification:_identify(autonomy/5_global/global_bringup) by extensions ['colcon_pkg']
[0.141s] Level 1:colcon.colcon_core.package_identification:_identify(autonomy/5_global/global_bringup) by extension 'colcon_pkg'
[0.141s] Level 1:colcon.colcon_core.package_identification:_identify(autonomy/5_global/global_bringup) by extensions ['colcon_meta']
[0.141s] Level 1:colcon.colcon_core.package_identification:_identify(autonomy/5_global/global_bringup) by extension 'colcon_meta'
[0.141s] Level 1:colcon.colcon_core.package_identification:_identify(autonomy/5_global/global_bringup) by extensions ['ros']
[0.141s] Level 1:colcon.colcon_core.package_identification:_identify(autonomy/5_global/global_bringup) by extension 'ros'
[0.142s] DEBUG:colcon.colcon_core.package_identification:Package 'autonomy/5_global/global_bringup' with type 'ros.ament_cmake' and name 'global_bringup'
[0.142s] Level 1:colcon.colcon_core.package_identification:_identify(autonomy/6_behavior) by extensions ['ignore', 'ignore_ament_install']
[0.142s] Level 1:colcon.colcon_core.package_identification:_identify(autonomy/6_behavior) by extension 'ignore'
[0.142s] Level 1:colcon.colcon_core.package_identification:_identify(autonomy/6_behavior) by extension 'ignore_ament_install'
[0.142s] Level 1:colcon.colcon_core.package_identification:_identify(autonomy/6_behavior) by extensions ['colcon_pkg']
[0.142s] Level 1:colcon.colcon_core.package_identification:_identify(autonomy/6_behavior) by extension 'colcon_pkg'
[0.142s] Level 1:colcon.colcon_core.package_identification:_identify(autonomy/6_behavior) by extensions ['colcon_meta']
[0.142s] Level 1:colcon.colcon_core.package_identification:_identify(autonomy/6_behavior) by extension 'colcon_meta'
[0.142s] Level 1:colcon.colcon_core.package_identification:_identify(autonomy/6_behavior) by extensions ['ros']
[0.142s] Level 1:colcon.colcon_core.package_identification:_identify(autonomy/6_behavior) by extension 'ros'
[0.142s] Level 1:colcon.colcon_core.package_identification:_identify(autonomy/6_behavior) by extensions ['cmake', 'python']
[0.142s] Level 1:colcon.colcon_core.package_identification:_identify(autonomy/6_behavior) by extension 'cmake'
[0.142s] Level 1:colcon.colcon_core.package_identification:_identify(autonomy/6_behavior) by extension 'python'
[0.142s] Level 1:colcon.colcon_core.package_identification:_identify(autonomy/6_behavior) by extensions ['python_setup_py']
[0.142s] Level 1:colcon.colcon_core.package_identification:_identify(autonomy/6_behavior) by extension 'python_setup_py'
[0.142s] Level 1:colcon.colcon_core.package_identification:_identify(autonomy/6_behavior/behavior_bringup) by extensions ['ignore', 'ignore_ament_install']
[0.142s] Level 1:colcon.colcon_core.package_identification:_identify(autonomy/6_behavior/behavior_bringup) by extension 'ignore'
[0.142s] Level 1:colcon.colcon_core.package_identification:_identify(autonomy/6_behavior/behavior_bringup) by extension 'ignore_ament_install'
[0.142s] Level 1:colcon.colcon_core.package_identification:_identify(autonomy/6_behavior/behavior_bringup) by extensions ['colcon_pkg']
[0.142s] Level 1:colcon.colcon_core.package_identification:_identify(autonomy/6_behavior/behavior_bringup) by extension 'colcon_pkg'
[0.142s] Level 1:colcon.colcon_core.package_identification:_identify(autonomy/6_behavior/behavior_bringup) by extensions ['colcon_meta']
[0.142s] Level 1:colcon.colcon_core.package_identification:_identify(autonomy/6_behavior/behavior_bringup) by extension 'colcon_meta'
[0.142s] Level 1:colcon.colcon_core.package_identification:_identify(autonomy/6_behavior/behavior_bringup) by extensions ['ros']
[0.142s] Level 1:colcon.colcon_core.package_identification:_identify(autonomy/6_behavior/behavior_bringup) by extension 'ros'
[0.142s] DEBUG:colcon.colcon_core.package_identification:Package 'autonomy/6_behavior/behavior_bringup' with type 'ros.ament_cmake' and name 'behavior_bringup'
[0.142s] Level 1:colcon.colcon_core.package_identification:_identify(autonomy/6_behavior/behavior_executive) by extensions ['ignore', 'ignore_ament_install']
[0.142s] Level 1:colcon.colcon_core.package_identification:_identify(autonomy/6_behavior/behavior_executive) by extension 'ignore'
[0.142s] Level 1:colcon.colcon_core.package_identification:_identify(autonomy/6_behavior/behavior_executive) by extension 'ignore_ament_install'
[0.142s] Level 1:colcon.colcon_core.package_identification:_identify(autonomy/6_behavior/behavior_executive) by extensions ['colcon_pkg']
[0.142s] Level 1:colcon.colcon_core.package_identification:_identify(autonomy/6_behavior/behavior_executive) by extension 'colcon_pkg'
[0.142s] Level 1:colcon.colcon_core.package_identification:_identify(autonomy/6_behavior/behavior_executive) by extensions ['colcon_meta']
[0.142s] Level 1:colcon.colcon_core.package_identification:_identify(autonomy/6_behavior/behavior_executive) by extension 'colcon_meta'
[0.142s] Level 1:colcon.colcon_core.package_identification:_identify(autonomy/6_behavior/behavior_executive) by extensions ['ros']
[0.142s] Level 1:colcon.colcon_core.package_identification:_identify(autonomy/6_behavior/behavior_executive) by extension 'ros'
[0.143s] DEBUG:colcon.colcon_core.package_identification:Package 'autonomy/6_behavior/behavior_executive' with type 'ros.ament_cmake' and name 'behavior_executive'
[0.143s] Level 1:colcon.colcon_core.package_identification:_identify(autonomy/6_behavior/behavior_tree) by extensions ['ignore', 'ignore_ament_install']
[0.143s] Level 1:colcon.colcon_core.package_identification:_identify(autonomy/6_behavior/behavior_tree) by extension 'ignore'
[0.143s] Level 1:colcon.colcon_core.package_identification:_identify(autonomy/6_behavior/behavior_tree) by extension 'ignore_ament_install'
[0.143s] Level 1:colcon.colcon_core.package_identification:_identify(autonomy/6_behavior/behavior_tree) by extensions ['colcon_pkg']
[0.143s] Level 1:colcon.colcon_core.package_identification:_identify(autonomy/6_behavior/behavior_tree) by extension 'colcon_pkg'
[0.143s] Level 1:colcon.colcon_core.package_identification:_identify(autonomy/6_behavior/behavior_tree) by extensions ['colcon_meta']
[0.143s] Level 1:colcon.colcon_core.package_identification:_identify(autonomy/6_behavior/behavior_tree) by extension 'colcon_meta'
[0.143s] Level 1:colcon.colcon_core.package_identification:_identify(autonomy/6_behavior/behavior_tree) by extensions ['ros']
[0.143s] Level 1:colcon.colcon_core.package_identification:_identify(autonomy/6_behavior/behavior_tree) by extension 'ros'
[0.143s] DEBUG:colcon.colcon_core.package_identification:Package 'autonomy/6_behavior/behavior_tree' with type 'ros.ament_cmake' and name 'behavior_tree'
[0.143s] Level 1:colcon.colcon_core.package_identification:_identify(autonomy/6_behavior/rqt_behavior_tree_command) by extensions ['ignore', 'ignore_ament_install']
[0.143s] Level 1:colcon.colcon_core.package_identification:_identify(autonomy/6_behavior/rqt_behavior_tree_command) by extension 'ignore'
[0.143s] Level 1:colcon.colcon_core.package_identification:_identify(autonomy/6_behavior/rqt_behavior_tree_command) by extension 'ignore_ament_install'
[0.143s] Level 1:colcon.colcon_core.package_identification:_identify(autonomy/6_behavior/rqt_behavior_tree_command) by extensions ['colcon_pkg']
[0.143s] Level 1:colcon.colcon_core.package_identification:_identify(autonomy/6_behavior/rqt_behavior_tree_command) by extension 'colcon_pkg'
[0.143s] Level 1:colcon.colcon_core.package_identification:_identify(autonomy/6_behavior/rqt_behavior_tree_command) by extensions ['colcon_meta']
[0.143s] Level 1:colcon.colcon_core.package_identification:_identify(autonomy/6_behavior/rqt_behavior_tree_command) by extension 'colcon_meta'
[0.143s] Level 1:colcon.colcon_core.package_identification:_identify(autonomy/6_behavior/rqt_behavior_tree_command) by extensions ['ros']
[0.143s] Level 1:colcon.colcon_core.package_identification:_identify(autonomy/6_behavior/rqt_behavior_tree_command) by extension 'ros'
[0.143s] DEBUG:colcon.colcon_core.package_identification:Package 'autonomy/6_behavior/rqt_behavior_tree_command' with type 'ros.ament_python' and name 'rqt_behavior_tree_command'
[0.143s] Level 1:colcon.colcon_core.package_identification:_identify(autonomy/6_behavior/rqt_fixed_trajectory_generator) by extensions ['ignore', 'ignore_ament_install']
[0.144s] Level 1:colcon.colcon_core.package_identification:_identify(autonomy/6_behavior/rqt_fixed_trajectory_generator) by extension 'ignore'
[0.144s] Level 1:colcon.colcon_core.package_identification:_identify(autonomy/6_behavior/rqt_fixed_trajectory_generator) by extension 'ignore_ament_install'
[0.144s] Level 1:colcon.colcon_core.package_identification:_identify(autonomy/6_behavior/rqt_fixed_trajectory_generator) by extensions ['colcon_pkg']
[0.144s] Level 1:colcon.colcon_core.package_identification:_identify(autonomy/6_behavior/rqt_fixed_trajectory_generator) by extension 'colcon_pkg'
[0.144s] Level 1:colcon.colcon_core.package_identification:_identify(autonomy/6_behavior/rqt_fixed_trajectory_generator) by extensions ['colcon_meta']
[0.144s] Level 1:colcon.colcon_core.package_identification:_identify(autonomy/6_behavior/rqt_fixed_trajectory_generator) by extension 'colcon_meta'
[0.144s] Level 1:colcon.colcon_core.package_identification:_identify(autonomy/6_behavior/rqt_fixed_trajectory_generator) by extensions ['ros']
[0.144s] Level 1:colcon.colcon_core.package_identification:_identify(autonomy/6_behavior/rqt_fixed_trajectory_generator) by extension 'ros'
[0.144s] DEBUG:colcon.colcon_core.package_identification:Package 'autonomy/6_behavior/rqt_fixed_trajectory_generator' with type 'ros.ament_python' and name 'rqt_fixed_trajectory_generator'
[0.144s] Level 1:colcon.colcon_core.package_identification:_identify(autonomy/autonomy_bringup) by extensions ['ignore', 'ignore_ament_install']
[0.144s] Level 1:colcon.colcon_core.package_identification:_identify(autonomy/autonomy_bringup) by extension 'ignore'
[0.144s] Level 1:colcon.colcon_core.package_identification:_identify(autonomy/autonomy_bringup) by extension 'ignore_ament_install'
[0.144s] Level 1:colcon.colcon_core.package_identification:_identify(autonomy/autonomy_bringup) by extensions ['colcon_pkg']
[0.144s] Level 1:colcon.colcon_core.package_identification:_identify(autonomy/autonomy_bringup) by extension 'colcon_pkg'
[0.144s] Level 1:colcon.colcon_core.package_identification:_identify(autonomy/autonomy_bringup) by extensions ['colcon_meta']
[0.144s] Level 1:colcon.colcon_core.package_identification:_identify(autonomy/autonomy_bringup) by extension 'colcon_meta'
[0.144s] Level 1:colcon.colcon_core.package_identification:_identify(autonomy/autonomy_bringup) by extensions ['ros']
[0.144s] Level 1:colcon.colcon_core.package_identification:_identify(autonomy/autonomy_bringup) by extension 'ros'
[0.144s] DEBUG:colcon.colcon_core.package_identification:Package 'autonomy/autonomy_bringup' with type 'ros.ament_cmake' and name 'autonomy_bringup'
[0.144s] Level 1:colcon.colcon_core.package_identification:_identify(base_urdf) by extensions ['ignore', 'ignore_ament_install']
[0.144s] Level 1:colcon.colcon_core.package_identification:_identify(base_urdf) by extension 'ignore'
[0.144s] Level 1:colcon.colcon_core.package_identification:_identify(base_urdf) by extension 'ignore_ament_install'
[0.144s] Level 1:colcon.colcon_core.package_identification:_identify(base_urdf) by extensions ['colcon_pkg']
[0.144s] Level 1:colcon.colcon_core.package_identification:_identify(base_urdf) by extension 'colcon_pkg'
[0.144s] Level 1:colcon.colcon_core.package_identification:_identify(base_urdf) by extensions ['colcon_meta']
[0.144s] Level 1:colcon.colcon_core.package_identification:_identify(base_urdf) by extension 'colcon_meta'
[0.144s] Level 1:colcon.colcon_core.package_identification:_identify(base_urdf) by extensions ['ros']
[0.144s] Level 1:colcon.colcon_core.package_identification:_identify(base_urdf) by extension 'ros'
[0.144s] DEBUG:colcon.colcon_core.package_identification:Package 'base_urdf' with type 'ros.ament_cmake' and name 'base_urdf'
[0.144s] Level 1:colcon.colcon_core.package_identification:_identify(build) by extensions ['ignore', 'ignore_ament_install']
[0.145s] Level 1:colcon.colcon_core.package_identification:_identify(build) by extension 'ignore'
[0.145s] Level 1:colcon.colcon_core.package_identification:_identify(build) ignored
[0.145s] Level 1:colcon.colcon_core.package_identification:_identify(common) by extensions ['ignore', 'ignore_ament_install']
[0.145s] Level 1:colcon.colcon_core.package_identification:_identify(common) by extension 'ignore'
[0.145s] Level 1:colcon.colcon_core.package_identification:_identify(common) by extension 'ignore_ament_install'
[0.145s] Level 1:colcon.colcon_core.package_identification:_identify(common) by extensions ['colcon_pkg']
[0.145s] Level 1:colcon.colcon_core.package_identification:_identify(common) by extension 'colcon_pkg'
[0.145s] Level 1:colcon.colcon_core.package_identification:_identify(common) by extensions ['colcon_meta']
[0.145s] Level 1:colcon.colcon_core.package_identification:_identify(common) by extension 'colcon_meta'
[0.145s] Level 1:colcon.colcon_core.package_identification:_identify(common) by extensions ['ros']
[0.145s] Level 1:colcon.colcon_core.package_identification:_identify(common) by extension 'ros'
[0.145s] Level 1:colcon.colcon_core.package_identification:_identify(common) by extensions ['cmake', 'python']
[0.145s] Level 1:colcon.colcon_core.package_identification:_identify(common) by extension 'cmake'
[0.145s] Level 1:colcon.colcon_core.package_identification:_identify(common) by extension 'python'
[0.145s] Level 1:colcon.colcon_core.package_identification:_identify(common) by extensions ['python_setup_py']
[0.145s] Level 1:colcon.colcon_core.package_identification:_identify(common) by extension 'python_setup_py'
[0.145s] Level 1:colcon.colcon_core.package_identification:_identify(common/autolab_common) by extensions ['ignore', 'ignore_ament_install']
[0.145s] Level 1:colcon.colcon_core.package_identification:_identify(common/autolab_common) by extension 'ignore'
[0.145s] Level 1:colcon.colcon_core.package_identification:_identify(common/autolab_common) by extension 'ignore_ament_install'
[0.145s] Level 1:colcon.colcon_core.package_identification:_identify(common/autolab_common) by extensions ['colcon_pkg']
[0.145s] Level 1:colcon.colcon_core.package_identification:_identify(common/autolab_common) by extension 'colcon_pkg'
[0.145s] Level 1:colcon.colcon_core.package_identification:_identify(common/autolab_common) by extensions ['colcon_meta']
[0.145s] Level 1:colcon.colcon_core.package_identification:_identify(common/autolab_common) by extension 'colcon_meta'
[0.145s] Level 1:colcon.colcon_core.package_identification:_identify(common/autolab_common) by extensions ['ros']
[0.145s] Level 1:colcon.colcon_core.package_identification:_identify(common/autolab_common) by extension 'ros'
[0.145s] DEBUG:colcon.colcon_core.package_identification:Package 'common/autolab_common' with type 'ros.ament_cmake' and name 'autolab_common'
[0.145s] Level 1:colcon.colcon_core.package_identification:_identify(common/autolab_msgs) by extensions ['ignore', 'ignore_ament_install']
[0.145s] Level 1:colcon.colcon_core.package_identification:_identify(common/autolab_msgs) by extension 'ignore'
[0.145s] Level 1:colcon.colcon_core.package_identification:_identify(common/autolab_msgs) by extension 'ignore_ament_install'
[0.145s] Level 1:colcon.colcon_core.package_identification:_identify(common/autolab_msgs) by extensions ['colcon_pkg']
[0.145s] Level 1:colcon.colcon_core.package_identification:_identify(common/autolab_msgs) by extension 'colcon_pkg'
[0.145s] Level 1:colcon.colcon_core.package_identification:_identify(common/autolab_msgs) by extensions ['colcon_meta']
[0.145s] Level 1:colcon.colcon_core.package_identification:_identify(common/autolab_msgs) by extension 'colcon_meta'
[0.145s] Level 1:colcon.colcon_core.package_identification:_identify(common/autolab_msgs) by extensions ['ros']
[0.145s] Level 1:colcon.colcon_core.package_identification:_identify(common/autolab_msgs) by extension 'ros'
[0.146s] DEBUG:colcon.colcon_core.package_identification:Package 'common/autolab_msgs' with type 'ros.ament_cmake' and name 'autolab_msgs'
[0.146s] Level 1:colcon.colcon_core.package_identification:_identify(common/bag_recorder_pid) by extensions ['ignore', 'ignore_ament_install']
[0.146s] Level 1:colcon.colcon_core.package_identification:_identify(common/bag_recorder_pid) by extension 'ignore'
[0.146s] Level 1:colcon.colcon_core.package_identification:_identify(common/bag_recorder_pid) by extension 'ignore_ament_install'
[0.146s] Level 1:colcon.colcon_core.package_identification:_identify(common/bag_recorder_pid) by extensions ['colcon_pkg']
[0.146s] Level 1:colcon.colcon_core.package_identification:_identify(common/bag_recorder_pid) by extension 'colcon_pkg'
[0.146s] Level 1:colcon.colcon_core.package_identification:_identify(common/bag_recorder_pid) by extensions ['colcon_meta']
[0.146s] Level 1:colcon.colcon_core.package_identification:_identify(common/bag_recorder_pid) by extension 'colcon_meta'
[0.146s] Level 1:colcon.colcon_core.package_identification:_identify(common/bag_recorder_pid) by extensions ['ros']
[0.146s] Level 1:colcon.colcon_core.package_identification:_identify(common/bag_recorder_pid) by extension 'ros'
[0.146s] DEBUG:colcon.colcon_core.package_identification:Package 'common/bag_recorder_pid' with type 'ros.ament_python' and name 'bag_record_pid'
[0.146s] Level 1:colcon.colcon_core.package_identification:_identify(common/behavior_tree_msgs) by extensions ['ignore', 'ignore_ament_install']
[0.146s] Level 1:colcon.colcon_core.package_identification:_identify(common/behavior_tree_msgs) by extension 'ignore'
[0.146s] Level 1:colcon.colcon_core.package_identification:_identify(common/behavior_tree_msgs) by extension 'ignore_ament_install'
[0.146s] Level 1:colcon.colcon_core.package_identification:_identify(common/behavior_tree_msgs) by extensions ['colcon_pkg']
[0.146s] Level 1:colcon.colcon_core.package_identification:_identify(common/behavior_tree_msgs) by extension 'colcon_pkg'
[0.146s] Level 1:colcon.colcon_core.package_identification:_identify(common/behavior_tree_msgs) by extensions ['colcon_meta']
[0.146s] Level 1:colcon.colcon_core.package_identification:_identify(common/behavior_tree_msgs) by extension 'colcon_meta'
[0.146s] Level 1:colcon.colcon_core.package_identification:_identify(common/behavior_tree_msgs) by extensions ['ros']
[0.146s] Level 1:colcon.colcon_core.package_identification:_identify(common/behavior_tree_msgs) by extension 'ros'
[0.146s] DEBUG:colcon.colcon_core.package_identification:Package 'common/behavior_tree_msgs' with type 'ros.ament_cmake' and name 'behavior_tree_msgs'
[0.146s] Level 1:colcon.colcon_core.package_identification:_identify(common/robot_descriptions) by extensions ['ignore', 'ignore_ament_install']
[0.146s] Level 1:colcon.colcon_core.package_identification:_identify(common/robot_descriptions) by extension 'ignore'
[0.146s] Level 1:colcon.colcon_core.package_identification:_identify(common/robot_descriptions) by extension 'ignore_ament_install'
[0.146s] Level 1:colcon.colcon_core.package_identification:_identify(common/robot_descriptions) by extensions ['colcon_pkg']
[0.146s] Level 1:colcon.colcon_core.package_identification:_identify(common/robot_descriptions) by extension 'colcon_pkg'
[0.146s] Level 1:colcon.colcon_core.package_identification:_identify(common/robot_descriptions) by extensions ['colcon_meta']
[0.146s] Level 1:colcon.colcon_core.package_identification:_identify(common/robot_descriptions) by extension 'colcon_meta'
[0.146s] Level 1:colcon.colcon_core.package_identification:_identify(common/robot_descriptions) by extensions ['ros']
[0.146s] Level 1:colcon.colcon_core.package_identification:_identify(common/robot_descriptions) by extension 'ros'
[0.146s] Level 1:colcon.colcon_core.package_identification:_identify(common/robot_descriptions) by extensions ['cmake', 'python']
[0.146s] Level 1:colcon.colcon_core.package_identification:_identify(common/robot_descriptions) by extension 'cmake'
[0.146s] Level 1:colcon.colcon_core.package_identification:_identify(common/robot_descriptions) by extension 'python'
[0.147s] Level 1:colcon.colcon_core.package_identification:_identify(common/robot_descriptions) by extensions ['python_setup_py']
[0.147s] Level 1:colcon.colcon_core.package_identification:_identify(common/robot_descriptions) by extension 'python_setup_py'
[0.147s] Level 1:colcon.colcon_core.package_identification:_identify(common/robot_descriptions/iris_with_sensors_description) by extensions ['ignore', 'ignore_ament_install']
[0.147s] Level 1:colcon.colcon_core.package_identification:_identify(common/robot_descriptions/iris_with_sensors_description) by extension 'ignore'
[0.147s] Level 1:colcon.colcon_core.package_identification:_identify(common/robot_descriptions/iris_with_sensors_description) by extension 'ignore_ament_install'
[0.147s] Level 1:colcon.colcon_core.package_identification:_identify(common/robot_descriptions/iris_with_sensors_description) by extensions ['colcon_pkg']
[0.147s] Level 1:colcon.colcon_core.package_identification:_identify(common/robot_descriptions/iris_with_sensors_description) by extension 'colcon_pkg'
[0.147s] Level 1:colcon.colcon_core.package_identification:_identify(common/robot_descriptions/iris_with_sensors_description) by extensions ['colcon_meta']
[0.147s] Level 1:colcon.colcon_core.package_identification:_identify(common/robot_descriptions/iris_with_sensors_description) by extension 'colcon_meta'
[0.147s] Level 1:colcon.colcon_core.package_identification:_identify(common/robot_descriptions/iris_with_sensors_description) by extensions ['ros']
[0.147s] Level 1:colcon.colcon_core.package_identification:_identify(common/robot_descriptions/iris_with_sensors_description) by extension 'ros'
[0.147s] DEBUG:colcon.colcon_core.package_identification:Package 'common/robot_descriptions/iris_with_sensors_description' with type 'ros.ament_cmake' and name 'iris_with_sensors_description'
[0.147s] Level 1:colcon.colcon_core.package_identification:_identify(common/rqt_behavior_tree) by extensions ['ignore', 'ignore_ament_install']
[0.147s] Level 1:colcon.colcon_core.package_identification:_identify(common/rqt_behavior_tree) by extension 'ignore'
[0.147s] Level 1:colcon.colcon_core.package_identification:_identify(common/rqt_behavior_tree) by extension 'ignore_ament_install'
[0.147s] Level 1:colcon.colcon_core.package_identification:_identify(common/rqt_behavior_tree) by extensions ['colcon_pkg']
[0.147s] Level 1:colcon.colcon_core.package_identification:_identify(common/rqt_behavior_tree) by extension 'colcon_pkg'
[0.147s] Level 1:colcon.colcon_core.package_identification:_identify(common/rqt_behavior_tree) by extensions ['colcon_meta']
[0.147s] Level 1:colcon.colcon_core.package_identification:_identify(common/rqt_behavior_tree) by extension 'colcon_meta'
[0.147s] Level 1:colcon.colcon_core.package_identification:_identify(common/rqt_behavior_tree) by extensions ['ros']
[0.147s] Level 1:colcon.colcon_core.package_identification:_identify(common/rqt_behavior_tree) by extension 'ros'
[0.147s] DEBUG:colcon.colcon_core.package_identification:Package 'common/rqt_behavior_tree' with type 'ros.ament_python' and name 'rqt_behavior_tree'
[0.147s] Level 1:colcon.colcon_core.package_identification:_identify(common/rviz_behavior_tree_panel) by extensions ['ignore', 'ignore_ament_install']
[0.147s] Level 1:colcon.colcon_core.package_identification:_identify(common/rviz_behavior_tree_panel) by extension 'ignore'
[0.147s] Level 1:colcon.colcon_core.package_identification:_identify(common/rviz_behavior_tree_panel) by extension 'ignore_ament_install'
[0.147s] Level 1:colcon.colcon_core.package_identification:_identify(common/rviz_behavior_tree_panel) by extensions ['colcon_pkg']
[0.147s] Level 1:colcon.colcon_core.package_identification:_identify(common/rviz_behavior_tree_panel) by extension 'colcon_pkg'
[0.147s] Level 1:colcon.colcon_core.package_identification:_identify(common/rviz_behavior_tree_panel) by extensions ['colcon_meta']
[0.147s] Level 1:colcon.colcon_core.package_identification:_identify(common/rviz_behavior_tree_panel) by extension 'colcon_meta'
[0.147s] Level 1:colcon.colcon_core.package_identification:_identify(common/rviz_behavior_tree_panel) by extensions ['ros']
[0.147s] Level 1:colcon.colcon_core.package_identification:_identify(common/rviz_behavior_tree_panel) by extension 'ros'
[0.148s] DEBUG:colcon.colcon_core.package_identification:Package 'common/rviz_behavior_tree_panel' with type 'ros.ament_cmake' and name 'rviz_behavior_tree_panel'
[0.148s] Level 1:colcon.colcon_core.package_identification:_identify(demo_bot_moveit_config) by extensions ['ignore', 'ignore_ament_install']
[0.148s] Level 1:colcon.colcon_core.package_identification:_identify(demo_bot_moveit_config) by extension 'ignore'
[0.148s] Level 1:colcon.colcon_core.package_identification:_identify(demo_bot_moveit_config) by extension 'ignore_ament_install'
[0.148s] Level 1:colcon.colcon_core.package_identification:_identify(demo_bot_moveit_config) by extensions ['colcon_pkg']
[0.148s] Level 1:colcon.colcon_core.package_identification:_identify(demo_bot_moveit_config) by extension 'colcon_pkg'
[0.148s] Level 1:colcon.colcon_core.package_identification:_identify(demo_bot_moveit_config) by extensions ['colcon_meta']
[0.148s] Level 1:colcon.colcon_core.package_identification:_identify(demo_bot_moveit_config) by extension 'colcon_meta'
[0.148s] Level 1:colcon.colcon_core.package_identification:_identify(demo_bot_moveit_config) by extensions ['ros']
[0.148s] Level 1:colcon.colcon_core.package_identification:_identify(demo_bot_moveit_config) by extension 'ros'
[0.148s] DEBUG:colcon.colcon_core.package_identification:Package 'demo_bot_moveit_config' with type 'ros.ament_cmake' and name 'demo_bot_moveit_config'
[0.148s] Level 1:colcon.colcon_core.package_identification:_identify(install) by extensions ['ignore', 'ignore_ament_install']
[0.148s] Level 1:colcon.colcon_core.package_identification:_identify(install) by extension 'ignore'
[0.148s] Level 1:colcon.colcon_core.package_identification:_identify(install) ignored
[0.148s] Level 1:colcon.colcon_core.package_identification:_identify(log) by extensions ['ignore', 'ignore_ament_install']
[0.148s] Level 1:colcon.colcon_core.package_identification:_identify(log) by extension 'ignore'
[0.148s] Level 1:colcon.colcon_core.package_identification:_identify(log) ignored
[0.148s] Level 1:colcon.colcon_core.package_identification:_identify(logging) by extensions ['ignore', 'ignore_ament_install']
[0.148s] Level 1:colcon.colcon_core.package_identification:_identify(logging) by extension 'ignore'
[0.148s] Level 1:colcon.colcon_core.package_identification:_identify(logging) by extension 'ignore_ament_install'
[0.148s] Level 1:colcon.colcon_core.package_identification:_identify(logging) by extensions ['colcon_pkg']
[0.148s] Level 1:colcon.colcon_core.package_identification:_identify(logging) by extension 'colcon_pkg'
[0.148s] Level 1:colcon.colcon_core.package_identification:_identify(logging) by extensions ['colcon_meta']
[0.148s] Level 1:colcon.colcon_core.package_identification:_identify(logging) by extension 'colcon_meta'
[0.148s] Level 1:colcon.colcon_core.package_identification:_identify(logging) by extensions ['ros']
[0.148s] Level 1:colcon.colcon_core.package_identification:_identify(logging) by extension 'ros'
[0.148s] Level 1:colcon.colcon_core.package_identification:_identify(logging) by extensions ['cmake', 'python']
[0.148s] Level 1:colcon.colcon_core.package_identification:_identify(logging) by extension 'cmake'
[0.148s] Level 1:colcon.colcon_core.package_identification:_identify(logging) by extension 'python'
[0.148s] Level 1:colcon.colcon_core.package_identification:_identify(logging) by extensions ['python_setup_py']
[0.148s] Level 1:colcon.colcon_core.package_identification:_identify(logging) by extension 'python_setup_py'
[0.148s] Level 1:colcon.colcon_core.package_identification:_identify(logging/logging_bringup) by extensions ['ignore', 'ignore_ament_install']
[0.148s] Level 1:colcon.colcon_core.package_identification:_identify(logging/logging_bringup) by extension 'ignore'
[0.148s] Level 1:colcon.colcon_core.package_identification:_identify(logging/logging_bringup) by extension 'ignore_ament_install'
[0.148s] Level 1:colcon.colcon_core.package_identification:_identify(logging/logging_bringup) by extensions ['colcon_pkg']
[0.148s] Level 1:colcon.colcon_core.package_identification:_identify(logging/logging_bringup) by extension 'colcon_pkg'
[0.148s] Level 1:colcon.colcon_core.package_identification:_identify(logging/logging_bringup) by extensions ['colcon_meta']
[0.149s] Level 1:colcon.colcon_core.package_identification:_identify(logging/logging_bringup) by extension 'colcon_meta'
[0.149s] Level 1:colcon.colcon_core.package_identification:_identify(logging/logging_bringup) by extensions ['ros']
[0.149s] Level 1:colcon.colcon_core.package_identification:_identify(logging/logging_bringup) by extension 'ros'
[0.149s] DEBUG:colcon.colcon_core.package_identification:Package 'logging/logging_bringup' with type 'ros.ament_cmake' and name 'logging_bringup'
[0.149s] Level 1:colcon.colcon_core.package_identification:_identify(robot_bringup) by extensions ['ignore', 'ignore_ament_install']
[0.149s] Level 1:colcon.colcon_core.package_identification:_identify(robot_bringup) by extension 'ignore'
[0.149s] Level 1:colcon.colcon_core.package_identification:_identify(robot_bringup) by extension 'ignore_ament_install'
[0.149s] Level 1:colcon.colcon_core.package_identification:_identify(robot_bringup) by extensions ['colcon_pkg']
[0.149s] Level 1:colcon.colcon_core.package_identification:_identify(robot_bringup) by extension 'colcon_pkg'
[0.149s] Level 1:colcon.colcon_core.package_identification:_identify(robot_bringup) by extensions ['colcon_meta']
[0.149s] Level 1:colcon.colcon_core.package_identification:_identify(robot_bringup) by extension 'colcon_meta'
[0.149s] Level 1:colcon.colcon_core.package_identification:_identify(robot_bringup) by extensions ['ros']
[0.149s] Level 1:colcon.colcon_core.package_identification:_identify(robot_bringup) by extension 'ros'
[0.149s] DEBUG:colcon.colcon_core.package_identification:Package 'robot_bringup' with type 'ros.ament_cmake' and name 'robot_bringup'
[0.149s] Level 1:colcon.colcon_core.package_discovery:discover_packages(recursive) using defaults
[0.149s] Level 1:colcon.colcon_core.package_discovery:discover_packages(ignore) discover
[0.149s] Level 1:colcon.colcon_core.package_discovery:discover_packages(ignore) using defaults
[0.149s] Level 1:colcon.colcon_core.package_discovery:discover_packages(path) discover
[0.149s] Level 1:colcon.colcon_core.package_discovery:discover_packages(path) using defaults
[0.158s] INFO:colcon.colcon_core.package_selection:Skipping not selected package 'autolab_msgs' in 'common/autolab_msgs'
[0.158s] INFO:colcon.colcon_core.package_selection:Skipping not selected package 'autonomy_bringup' in 'autonomy/autonomy_bringup'
[0.158s] INFO:colcon.colcon_core.package_selection:Skipping not selected package 'bag_record_pid' in 'common/bag_recorder_pid'
[0.158s] INFO:colcon.colcon_core.package_selection:Skipping not selected package 'base_urdf' in 'base_urdf'
[0.158s] INFO:colcon.colcon_core.package_selection:Skipping not selected package 'behavior_bringup' in 'autonomy/6_behavior/behavior_bringup'
[0.158s] INFO:colcon.colcon_core.package_selection:Skipping not selected package 'behavior_tree_msgs' in 'common/behavior_tree_msgs'
[0.158s] INFO:colcon.colcon_core.package_selection:Skipping not selected package 'global_bringup' in 'autonomy/5_global/global_bringup'
[0.158s] INFO:colcon.colcon_core.package_selection:Skipping not selected package 'interface_bringup' in 'autonomy/0_interface/interface_bringup'
[0.158s] INFO:colcon.colcon_core.package_selection:Skipping not selected package 'iris_with_sensors_description' in 'common/robot_descriptions/iris_with_sensors_description'
[0.158s] INFO:colcon.colcon_core.package_selection:Skipping not selected package 'local_bringup' in 'autonomy/4_local/local_bringup'
[0.158s] INFO:colcon.colcon_core.package_selection:Skipping not selected package 'logging_bringup' in 'logging/logging_bringup'
[0.158s] INFO:colcon.colcon_core.package_selection:Skipping not selected package 'mapping_and_localization_bringup' in 'autonomy/2_mapping_and_localization/mapping_and_localization_bringup'
[0.158s] INFO:colcon.colcon_core.package_selection:Skipping not selected package 'navigation_bringup' in 'autonomy/1_navigation/navigation_bringup'
[0.158s] INFO:colcon.colcon_core.package_selection:Skipping not selected package 'navigation_controller' in 'autonomy/1_navigation/navigation_controller'
[0.158s] INFO:colcon.colcon_core.package_selection:Skipping not selected package 'perception_bringup' in 'autonomy/3_perception/perception_bringup'
[0.158s] INFO:colcon.colcon_core.package_selection:Skipping not selected package 'robot_bringup' in 'robot_bringup'
[0.158s] INFO:colcon.colcon_core.package_selection:Skipping not selected package 'rqt_behavior_tree_command' in 'autonomy/6_behavior/rqt_behavior_tree_command'
[0.158s] INFO:colcon.colcon_core.package_selection:Skipping not selected package 'rqt_fixed_trajectory_generator' in 'autonomy/6_behavior/rqt_fixed_trajectory_generator'
[0.158s] INFO:colcon.colcon_core.package_selection:Skipping not selected package 'autolab_common' in 'common/autolab_common'
[0.158s] INFO:colcon.colcon_core.package_selection:Skipping not selected package 'behavior_tree' in 'autonomy/6_behavior/behavior_tree'
[0.158s] INFO:colcon.colcon_core.package_selection:Skipping not selected package 'rqt_behavior_tree' in 'common/rqt_behavior_tree'
[0.158s] INFO:colcon.colcon_core.package_selection:Skipping not selected package 'rviz_behavior_tree_panel' in 'common/rviz_behavior_tree_panel'
[0.158s] INFO:colcon.colcon_core.package_selection:Skipping not selected package 'behavior_executive' in 'autonomy/6_behavior/behavior_executive'
[0.158s] Level 1:colcon.colcon_core.package_discovery:discover_packages(prefix_path) check parameters
[0.159s] Level 1:colcon.colcon_core.package_discovery:discover_packages(prefix_path) discover
[0.159s] DEBUG:colcon.colcon_installed_package_information.package_discovery:Found 14 installed packages in /home/robot/AutoLab/robot/ros_ws/install
[0.160s] DEBUG:colcon.colcon_installed_package_information.package_discovery:Found 360 installed packages in /opt/ros/humble
[0.161s] Level 1:colcon.colcon_core.package_discovery:discover_packages(prefix_path) using defaults
[0.176s] Level 5:colcon.colcon_core.verb:set package 'demo_bot_moveit_config' build argument 'cmake_args' from command line to 'None'
[0.176s] Level 5:colcon.colcon_core.verb:set package 'demo_bot_moveit_config' build argument 'cmake_target' from command line to 'None'
[0.176s] Level 5:colcon.colcon_core.verb:set package 'demo_bot_moveit_config' build argument 'cmake_target_skip_unavailable' from command line to 'False'
[0.177s] Level 5:colcon.colcon_core.verb:set package 'demo_bot_moveit_config' build argument 'cmake_clean_cache' from command line to 'False'
[0.177s] Level 5:colcon.colcon_core.verb:set package 'demo_bot_moveit_config' build argument 'cmake_clean_first' from command line to 'False'
[0.177s] Level 5:colcon.colcon_core.verb:set package 'demo_bot_moveit_config' build argument 'cmake_force_configure' from command line to 'False'
[0.177s] Level 5:colcon.colcon_core.verb:set package 'demo_bot_moveit_config' build argument 'ament_cmake_args' from command line to 'None'
[0.177s] Level 5:colcon.colcon_core.verb:set package 'demo_bot_moveit_config' build argument 'catkin_cmake_args' from command line to 'None'
[0.177s] Level 5:colcon.colcon_core.verb:set package 'demo_bot_moveit_config' build argument 'catkin_skip_building_tests' from command line to 'False'
[0.177s] DEBUG:colcon.colcon_core.verb:Building package 'demo_bot_moveit_config' with the following arguments: {'ament_cmake_args': None, 'build_base': '/home/robot/AutoLab/robot/ros_ws/src/build/demo_bot_moveit_config', 'catkin_cmake_args': None, 'catkin_skip_building_tests': False, 'cmake_args': None, 'cmake_clean_cache': False, 'cmake_clean_first': False, 'cmake_force_configure': False, 'cmake_target': None, 'cmake_target_skip_unavailable': False, 'install_base': '/home/robot/AutoLab/robot/ros_ws/src/install/demo_bot_moveit_config', 'merge_install': False, 'path': '/home/robot/AutoLab/robot/ros_ws/src/demo_bot_moveit_config', 'symlink_install': False, 'test_result_base': None}
[0.177s] INFO:colcon.colcon_core.executor:Executing jobs using 'parallel' executor
[0.177s] DEBUG:colcon.colcon_parallel_executor.executor.parallel:run_until_complete
[0.177s] INFO:colcon.colcon_ros.task.ament_cmake.build:Building ROS package in '/home/robot/AutoLab/robot/ros_ws/src/demo_bot_moveit_config' with build type 'ament_cmake'
[0.177s] INFO:colcon.colcon_cmake.task.cmake.build:Building CMake package in '/home/robot/AutoLab/robot/ros_ws/src/demo_bot_moveit_config'
[0.178s] INFO:colcon.colcon_core.plugin_system:Skipping extension 'colcon_core.shell.bat': Not used on non-Windows systems
[0.178s] INFO:colcon.colcon_core.shell:Skip shell extension 'powershell' for command environment: Not usable outside of PowerShell
[0.178s] DEBUG:colcon.colcon_core.shell:Skip shell extension 'dsv' for command environment
[0.179s] WARNING:colcon.colcon_core.shell:The following packages are in the workspace but haven't been built:
- base_urdf
They are being used from the following locations instead:
- /home/robot/AutoLab/robot/ros_ws/install/base_urdf
To suppress this warning ignore these packages in the workspace:
--packages-ignore base_urdf
[0.182s] DEBUG:colcon.colcon_core.event_handler.log_command:Invoking command in '/home/robot/AutoLab/robot/ros_ws/src/build/demo_bot_moveit_config': CMAKE_PREFIX_PATH=${CMAKE_PREFIX_PATH}:/opt/ros/humble /usr/bin/cmake --build /home/robot/AutoLab/robot/ros_ws/src/build/demo_bot_moveit_config -- -j32 -l32
[0.197s] DEBUG:colcon.colcon_core.event_handler.log_command:Invoked command in '/home/robot/AutoLab/robot/ros_ws/src/build/demo_bot_moveit_config' returned '0': CMAKE_PREFIX_PATH=${CMAKE_PREFIX_PATH}:/opt/ros/humble /usr/bin/cmake --build /home/robot/AutoLab/robot/ros_ws/src/build/demo_bot_moveit_config -- -j32 -l32
[0.202s] DEBUG:colcon.colcon_core.event_handler.log_command:Invoking command in '/home/robot/AutoLab/robot/ros_ws/src/build/demo_bot_moveit_config': CMAKE_PREFIX_PATH=${CMAKE_PREFIX_PATH}:/opt/ros/humble /usr/bin/cmake --install /home/robot/AutoLab/robot/ros_ws/src/build/demo_bot_moveit_config
[0.205s] Level 1:colcon.colcon_core.environment:create_environment_scripts_only(demo_bot_moveit_config)
[0.205s] DEBUG:colcon.colcon_core.event_handler.log_command:Invoked command in '/home/robot/AutoLab/robot/ros_ws/src/build/demo_bot_moveit_config' returned '0': CMAKE_PREFIX_PATH=${CMAKE_PREFIX_PATH}:/opt/ros/humble /usr/bin/cmake --install /home/robot/AutoLab/robot/ros_ws/src/build/demo_bot_moveit_config
[0.206s] Level 1:colcon.colcon_core.environment:checking '/home/robot/AutoLab/robot/ros_ws/src/install/demo_bot_moveit_config' for CMake module files
[0.206s] Level 1:colcon.colcon_core.environment:checking '/home/robot/AutoLab/robot/ros_ws/src/install/demo_bot_moveit_config' for CMake config files
[0.206s] Level 1:colcon.colcon_core.shell:create_environment_hook('demo_bot_moveit_config', 'cmake_prefix_path')
[0.206s] INFO:colcon.colcon_core.shell:Creating environment hook '/home/robot/AutoLab/robot/ros_ws/src/install/demo_bot_moveit_config/share/demo_bot_moveit_config/hook/cmake_prefix_path.ps1'
[0.207s] INFO:colcon.colcon_core.shell:Creating environment descriptor '/home/robot/AutoLab/robot/ros_ws/src/install/demo_bot_moveit_config/share/demo_bot_moveit_config/hook/cmake_prefix_path.dsv'
[0.207s] INFO:colcon.colcon_core.shell:Creating environment hook '/home/robot/AutoLab/robot/ros_ws/src/install/demo_bot_moveit_config/share/demo_bot_moveit_config/hook/cmake_prefix_path.sh'
[0.207s] Level 1:colcon.colcon_core.environment:checking '/home/robot/AutoLab/robot/ros_ws/src/install/demo_bot_moveit_config/bin'
[0.207s] Level 1:colcon.colcon_core.environment:checking '/home/robot/AutoLab/robot/ros_ws/src/install/demo_bot_moveit_config/lib/pkgconfig/demo_bot_moveit_config.pc'
[0.207s] Level 1:colcon.colcon_core.environment:checking '/home/robot/AutoLab/robot/ros_ws/src/install/demo_bot_moveit_config/lib/python3.10/site-packages'
[0.207s] Level 1:colcon.colcon_core.environment:checking '/home/robot/AutoLab/robot/ros_ws/src/install/demo_bot_moveit_config/bin'
[0.208s] INFO:colcon.colcon_core.shell:Creating package script '/home/robot/AutoLab/robot/ros_ws/src/install/demo_bot_moveit_config/share/demo_bot_moveit_config/package.ps1'
[0.208s] INFO:colcon.colcon_core.shell:Creating package descriptor '/home/robot/AutoLab/robot/ros_ws/src/install/demo_bot_moveit_config/share/demo_bot_moveit_config/package.dsv'
[0.208s] INFO:colcon.colcon_core.shell:Creating package script '/home/robot/AutoLab/robot/ros_ws/src/install/demo_bot_moveit_config/share/demo_bot_moveit_config/package.sh'
[0.208s] INFO:colcon.colcon_core.shell:Creating package script '/home/robot/AutoLab/robot/ros_ws/src/install/demo_bot_moveit_config/share/demo_bot_moveit_config/package.bash'
[0.209s] INFO:colcon.colcon_core.shell:Creating package script '/home/robot/AutoLab/robot/ros_ws/src/install/demo_bot_moveit_config/share/demo_bot_moveit_config/package.zsh'
[0.209s] Level 1:colcon.colcon_core.environment:create_file_with_runtime_dependencies(/home/robot/AutoLab/robot/ros_ws/src/install/demo_bot_moveit_config/share/colcon-core/packages/demo_bot_moveit_config)
[0.209s] Level 1:colcon.colcon_core.environment:create_environment_scripts_only(demo_bot_moveit_config)
[0.209s] Level 1:colcon.colcon_core.environment:checking '/home/robot/AutoLab/robot/ros_ws/src/install/demo_bot_moveit_config' for CMake module files
[0.209s] Level 1:colcon.colcon_core.environment:checking '/home/robot/AutoLab/robot/ros_ws/src/install/demo_bot_moveit_config' for CMake config files
[0.209s] Level 1:colcon.colcon_core.shell:create_environment_hook('demo_bot_moveit_config', 'cmake_prefix_path')
[0.209s] INFO:colcon.colcon_core.shell:Creating environment hook '/home/robot/AutoLab/robot/ros_ws/src/install/demo_bot_moveit_config/share/demo_bot_moveit_config/hook/cmake_prefix_path.ps1'
[0.209s] INFO:colcon.colcon_core.shell:Creating environment descriptor '/home/robot/AutoLab/robot/ros_ws/src/install/demo_bot_moveit_config/share/demo_bot_moveit_config/hook/cmake_prefix_path.dsv'
[0.210s] INFO:colcon.colcon_core.shell:Creating environment hook '/home/robot/AutoLab/robot/ros_ws/src/install/demo_bot_moveit_config/share/demo_bot_moveit_config/hook/cmake_prefix_path.sh'
[0.210s] Level 1:colcon.colcon_core.environment:checking '/home/robot/AutoLab/robot/ros_ws/src/install/demo_bot_moveit_config/bin'
[0.210s] Level 1:colcon.colcon_core.environment:checking '/home/robot/AutoLab/robot/ros_ws/src/install/demo_bot_moveit_config/lib/pkgconfig/demo_bot_moveit_config.pc'
[0.210s] Level 1:colcon.colcon_core.environment:checking '/home/robot/AutoLab/robot/ros_ws/src/install/demo_bot_moveit_config/lib/python3.10/site-packages'
[0.210s] Level 1:colcon.colcon_core.environment:checking '/home/robot/AutoLab/robot/ros_ws/src/install/demo_bot_moveit_config/bin'
[0.210s] INFO:colcon.colcon_core.shell:Creating package script '/home/robot/AutoLab/robot/ros_ws/src/install/demo_bot_moveit_config/share/demo_bot_moveit_config/package.ps1'
[0.210s] INFO:colcon.colcon_core.shell:Creating package descriptor '/home/robot/AutoLab/robot/ros_ws/src/install/demo_bot_moveit_config/share/demo_bot_moveit_config/package.dsv'
[0.210s] INFO:colcon.colcon_core.shell:Creating package script '/home/robot/AutoLab/robot/ros_ws/src/install/demo_bot_moveit_config/share/demo_bot_moveit_config/package.sh'
[0.210s] INFO:colcon.colcon_core.shell:Creating package script '/home/robot/AutoLab/robot/ros_ws/src/install/demo_bot_moveit_config/share/demo_bot_moveit_config/package.bash'
[0.211s] INFO:colcon.colcon_core.shell:Creating package script '/home/robot/AutoLab/robot/ros_ws/src/install/demo_bot_moveit_config/share/demo_bot_moveit_config/package.zsh'
[0.211s] Level 1:colcon.colcon_core.environment:create_file_with_runtime_dependencies(/home/robot/AutoLab/robot/ros_ws/src/install/demo_bot_moveit_config/share/colcon-core/packages/demo_bot_moveit_config)
[0.211s] DEBUG:colcon.colcon_parallel_executor.executor.parallel:closing loop
[0.211s] DEBUG:colcon.colcon_parallel_executor.executor.parallel:loop closed
[0.211s] DEBUG:colcon.colcon_parallel_executor.executor.parallel:run_until_complete finished with '0'
[0.211s] DEBUG:colcon.colcon_core.event_reactor:joining thread
[0.213s] INFO:colcon.colcon_core.plugin_system:Skipping extension 'colcon_notification.desktop_notification.notify_send': Could not find 'notify-send'
[0.214s] INFO:colcon.colcon_core.plugin_system:Skipping extension 'colcon_notification.desktop_notification.terminal_notifier': Not used on non-Darwin systems
[0.214s] INFO:colcon.colcon_core.plugin_system:Skipping extension 'colcon_notification.desktop_notification.win32': Not used on non-Windows systems
[0.214s] INFO:colcon.colcon_notification.desktop_notification:Sending desktop notification using 'notify2'
[0.215s] DEBUG:colcon.colcon_notification.desktop_notification.notify2:Failed to initialize notify2: org.freedesktop.DBus.Error.Spawn.ExecFailed: /usr/bin/dbus-launch terminated abnormally without any error message
[0.215s] DEBUG:colcon.colcon_core.event_reactor:joined thread
[0.215s] INFO:colcon.colcon_core.shell:Creating prefix script '/home/robot/AutoLab/robot/ros_ws/src/install/local_setup.ps1'
[0.216s] INFO:colcon.colcon_core.shell:Creating prefix util module '/home/robot/AutoLab/robot/ros_ws/src/install/_local_setup_util_ps1.py'
[0.216s] INFO:colcon.colcon_core.shell:Creating prefix chain script '/home/robot/AutoLab/robot/ros_ws/src/install/setup.ps1'
[0.217s] INFO:colcon.colcon_core.shell:Creating prefix script '/home/robot/AutoLab/robot/ros_ws/src/install/local_setup.sh'
[0.217s] INFO:colcon.colcon_core.shell:Creating prefix util module '/home/robot/AutoLab/robot/ros_ws/src/install/_local_setup_util_sh.py'
[0.217s] INFO:colcon.colcon_core.shell:Creating prefix chain script '/home/robot/AutoLab/robot/ros_ws/src/install/setup.sh'
[0.217s] INFO:colcon.colcon_core.shell:Creating prefix script '/home/robot/AutoLab/robot/ros_ws/src/install/local_setup.bash'
[0.218s] INFO:colcon.colcon_core.shell:Creating prefix chain script '/home/robot/AutoLab/robot/ros_ws/src/install/setup.bash'
[0.218s] INFO:colcon.colcon_core.shell:Creating prefix script '/home/robot/AutoLab/robot/ros_ws/src/install/local_setup.zsh'
[0.218s] INFO:colcon.colcon_core.shell:Creating prefix chain script '/home/robot/AutoLab/robot/ros_ws/src/install/setup.zsh'
