[0.005s] Invoking command in '/home/robot/AutoLab/robot/ros_ws/src/build/demo_bot_moveit_config': CMAKE_PREFIX_PATH=${CMAKE_PREFIX_PATH}:/opt/ros/humble /usr/bin/cmake /home/robot/AutoLab/robot/ros_ws/src/demo_bot_moveit_config -DCMAKE_INSTALL_PREFIX=/home/robot/AutoLab/robot/ros_ws/src/install/demo_bot_moveit_config
[0.030s] -- The C compiler identification is GNU 11.4.0
[0.053s] -- The CXX compiler identification is GNU 11.4.0
[0.056s] -- Detecting C compiler ABI info
[0.083s] -- Detecting C compiler ABI info - done
[0.086s] -- Check for working C compiler: /usr/bin/cc - skipped
[0.086s] -- Detecting C compile features
[0.086s] -- Detecting C compile features - done
[0.088s] -- Detecting CXX compiler ABI info
[0.118s] -- Detecting CXX compiler ABI info - done
[0.121s] -- Check for working CXX compiler: /usr/bin/c++ - skipped
[0.121s] -- Detecting CXX compile features
[0.121s] -- Detecting CXX compile features - done
[0.123s] -- Found ament_cmake: 1.3.13 (/opt/ros/humble/share/ament_cmake/cmake)
[0.190s] -- Found Python3: /usr/bin/python3 (found version "3.10.12") found components: Interpreter 
[0.260s] -- Configuring done
[0.261s] -- Generating done
[0.261s] -- Build files have been written to: /home/robot/AutoLab/robot/ros_ws/src/build/demo_bot_moveit_config
[0.264s] Invoked command in '/home/robot/AutoLab/robot/ros_ws/src/build/demo_bot_moveit_config' returned '0': CMAKE_PREFIX_PATH=${CMAKE_PREFIX_PATH}:/opt/ros/humble /usr/bin/cmake /home/robot/AutoLab/robot/ros_ws/src/demo_bot_moveit_config -DCMAKE_INSTALL_PREFIX=/home/robot/AutoLab/robot/ros_ws/src/install/demo_bot_moveit_config
[0.265s] Invoking command in '/home/robot/AutoLab/robot/ros_ws/src/build/demo_bot_moveit_config': CMAKE_PREFIX_PATH=${CMAKE_PREFIX_PATH}:/opt/ros/humble /usr/bin/cmake --build /home/robot/AutoLab/robot/ros_ws/src/build/demo_bot_moveit_config -- -j32 -l32
[0.277s] Invoked command in '/home/robot/AutoLab/robot/ros_ws/src/build/demo_bot_moveit_config' returned '0': CMAKE_PREFIX_PATH=${CMAKE_PREFIX_PATH}:/opt/ros/humble /usr/bin/cmake --build /home/robot/AutoLab/robot/ros_ws/src/build/demo_bot_moveit_config -- -j32 -l32
[0.281s] Invoking command in '/home/robot/AutoLab/robot/ros_ws/src/build/demo_bot_moveit_config': CMAKE_PREFIX_PATH=${CMAKE_PREFIX_PATH}:/opt/ros/humble /usr/bin/cmake --install /home/robot/AutoLab/robot/ros_ws/src/build/demo_bot_moveit_config
[0.284s] -- Install configuration: ""
[0.284s] -- Installing: /home/robot/AutoLab/robot/ros_ws/src/install/demo_bot_moveit_config/share/ament_index/resource_index/package_run_dependencies/demo_bot_moveit_config
[0.284s] -- Installing: /home/robot/AutoLab/robot/ros_ws/src/install/demo_bot_moveit_config/share/ament_index/resource_index/parent_prefix_path/demo_bot_moveit_config
[0.284s] -- Installing: /home/robot/AutoLab/robot/ros_ws/src/install/demo_bot_moveit_config/share/demo_bot_moveit_config/environment/ament_prefix_path.sh
[0.284s] -- Installing: /home/robot/AutoLab/robot/ros_ws/src/install/demo_bot_moveit_config/share/demo_bot_moveit_config/environment/ament_prefix_path.dsv
[0.284s] -- Installing: /home/robot/AutoLab/robot/ros_ws/src/install/demo_bot_moveit_config/share/demo_bot_moveit_config/environment/path.sh
[0.285s] -- Installing: /home/robot/AutoLab/robot/ros_ws/src/install/demo_bot_moveit_config/share/demo_bot_moveit_config/environment/path.dsv
[0.285s] -- Installing: /home/robot/AutoLab/robot/ros_ws/src/install/demo_bot_moveit_config/share/demo_bot_moveit_config/local_setup.bash
[0.285s] -- Installing: /home/robot/AutoLab/robot/ros_ws/src/install/demo_bot_moveit_config/share/demo_bot_moveit_config/local_setup.sh
[0.285s] -- Installing: /home/robot/AutoLab/robot/ros_ws/src/install/demo_bot_moveit_config/share/demo_bot_moveit_config/local_setup.zsh
[0.285s] -- Installing: /home/robot/AutoLab/robot/ros_ws/src/install/demo_bot_moveit_config/share/demo_bot_moveit_config/local_setup.dsv
[0.285s] -- Installing: /home/robot/AutoLab/robot/ros_ws/src/install/demo_bot_moveit_config/share/demo_bot_moveit_config/package.dsv
[0.285s] -- Installing: /home/robot/AutoLab/robot/ros_ws/src/install/demo_bot_moveit_config/share/ament_index/resource_index/packages/demo_bot_moveit_config
[0.285s] -- Installing: /home/robot/AutoLab/robot/ros_ws/src/install/demo_bot_moveit_config/share/demo_bot_moveit_config/cmake/demo_bot_moveit_configConfig.cmake
[0.285s] -- Installing: /home/robot/AutoLab/robot/ros_ws/src/install/demo_bot_moveit_config/share/demo_bot_moveit_config/cmake/demo_bot_moveit_configConfig-version.cmake
[0.285s] -- Installing: /home/robot/AutoLab/robot/ros_ws/src/install/demo_bot_moveit_config/share/demo_bot_moveit_config/package.xml
[0.285s] -- Installing: /home/robot/AutoLab/robot/ros_ws/src/install/demo_bot_moveit_config/share/demo_bot_moveit_config/launch
[0.285s] -- Installing: /home/robot/AutoLab/robot/ros_ws/src/install/demo_bot_moveit_config/share/demo_bot_moveit_config/launch/rsp.launch.py
[0.285s] -- Installing: /home/robot/AutoLab/robot/ros_ws/src/install/demo_bot_moveit_config/share/demo_bot_moveit_config/launch/spawn_controllers.launch.py
[0.285s] -- Installing: /home/robot/AutoLab/robot/ros_ws/src/install/demo_bot_moveit_config/share/demo_bot_moveit_config/launch/setup_assistant.launch.py
[0.285s] -- Installing: /home/robot/AutoLab/robot/ros_ws/src/install/demo_bot_moveit_config/share/demo_bot_moveit_config/launch/demo.launch.py
[0.285s] -- Installing: /home/robot/AutoLab/robot/ros_ws/src/install/demo_bot_moveit_config/share/demo_bot_moveit_config/launch/moveit_rviz.launch.py
[0.285s] -- Installing: /home/robot/AutoLab/robot/ros_ws/src/install/demo_bot_moveit_config/share/demo_bot_moveit_config/launch/static_virtual_joint_tfs.launch.py
[0.285s] -- Installing: /home/robot/AutoLab/robot/ros_ws/src/install/demo_bot_moveit_config/share/demo_bot_moveit_config/launch/warehouse_db.launch.py
[0.285s] -- Installing: /home/robot/AutoLab/robot/ros_ws/src/install/demo_bot_moveit_config/share/demo_bot_moveit_config/launch/move_group.launch.py
[0.285s] -- Installing: /home/robot/AutoLab/robot/ros_ws/src/install/demo_bot_moveit_config/share/demo_bot_moveit_config/config
[0.285s] -- Installing: /home/robot/AutoLab/robot/ros_ws/src/install/demo_bot_moveit_config/share/demo_bot_moveit_config/config/pilz_cartesian_limits.yaml
[0.285s] -- Installing: /home/robot/AutoLab/robot/ros_ws/src/install/demo_bot_moveit_config/share/demo_bot_moveit_config/config/ros2_controllers.yaml
[0.285s] -- Installing: /home/robot/AutoLab/robot/ros_ws/src/install/demo_bot_moveit_config/share/demo_bot_moveit_config/config/demo_bot.urdf.xacro
[0.285s] -- Installing: /home/robot/AutoLab/robot/ros_ws/src/install/demo_bot_moveit_config/share/demo_bot_moveit_config/config/moveit_controllers.yaml
[0.285s] -- Installing: /home/robot/AutoLab/robot/ros_ws/src/install/demo_bot_moveit_config/share/demo_bot_moveit_config/config/joint_limits.yaml
[0.285s] -- Installing: /home/robot/AutoLab/robot/ros_ws/src/install/demo_bot_moveit_config/share/demo_bot_moveit_config/config/initial_positions.yaml
[0.285s] -- Installing: /home/robot/AutoLab/robot/ros_ws/src/install/demo_bot_moveit_config/share/demo_bot_moveit_config/config/kinematics.yaml
[0.285s] -- Installing: /home/robot/AutoLab/robot/ros_ws/src/install/demo_bot_moveit_config/share/demo_bot_moveit_config/config/demo_bot.ros2_control.xacro
[0.285s] -- Installing: /home/robot/AutoLab/robot/ros_ws/src/install/demo_bot_moveit_config/share/demo_bot_moveit_config/config/moveit.rviz
[0.285s] -- Installing: /home/robot/AutoLab/robot/ros_ws/src/install/demo_bot_moveit_config/share/demo_bot_moveit_config/config/demo_bot.srdf
[0.285s] -- Installing: /home/robot/AutoLab/robot/ros_ws/src/install/demo_bot_moveit_config/share/demo_bot_moveit_config/.setup_assistant
[0.286s] Invoked command in '/home/robot/AutoLab/robot/ros_ws/src/build/demo_bot_moveit_config' returned '0': CMAKE_PREFIX_PATH=${CMAKE_PREFIX_PATH}:/opt/ros/humble /usr/bin/cmake --install /home/robot/AutoLab/robot/ros_ws/src/build/demo_bot_moveit_config
