[0.667s] Invoking command in '/home/ksriniv2/Autolab/build/zed_wrapper': CMAKE_PREFIX_PATH=${CMAKE_PREFIX_PATH}:/opt/ros/jazzy DEBUGINFOD_URLS=https://debuginfod.ubuntu.com /usr/bin/cmake /home/ksriniv2/Autolab/robot/docker/zed/ws/src/zed_wrapper -DCMAKE_INSTALL_PREFIX=/home/ksriniv2/Autolab/install/zed_wrapper
[0.698s] -- The C compiler identification is GNU 13.3.0
[0.725s] -- The CXX compiler identification is GNU 13.3.0
[0.731s] -- Detecting C compiler ABI info
[0.774s] -- Detecting C compiler ABI info - done
[0.778s] -- Check for working C compiler: /usr/bin/cc - skipped
[0.778s] -- Detecting C compile features
[0.778s] -- Detecting C compile features - done
[0.783s] -- Detecting CXX compiler ABI info
[0.824s] -- Detecting CXX compiler ABI info - done
[0.828s] -- Check for working CXX compiler: /usr/bin/c++ - skipped
[0.828s] -- Detecting CXX compile features
[0.828s] -- Detecting CXX compile features - done
[0.828s] [0m*** WARNING *** ROS2 jazzy is not officially supported by the package 'zed_wrapper'. Correct operation is not guaranteed.[0m
[0.833s] [31mCMake Error at CMakeLists.txt:81 (find_package):
[0.833s]   By not providing "FindZED.cmake" in CMAKE_MODULE_PATH this project has
[0.833s]   asked CMake to find a package configuration file provided by "ZED", but
[0.833s]   CMake did not find one.
[0.833s] 
[0.833s]   Could not find a package configuration file provided by "ZED" (requested
[0.833s]   version 4) with any of the following names:
[0.833s] 
[0.833s]     ZEDConfig.cmake
[0.834s]     zed-config.cmake
[0.834s] 
[0.834s]   Add the installation prefix of "ZED" to CMAKE_PREFIX_PATH or set "ZED_DIR"
[0.834s]   to a directory containing one of the above files.  If "ZED" provides a
[0.834s]   separate development package or SDK, be sure it has been installed.
[0.834s] 
[0.834s] [0m
[0.834s] -- Configuring incomplete, errors occurred!
