[0.129s] Invoking command in '/home/ksriniv2/Autolab/build/navigation_controller': CMAKE_PREFIX_PATH=${CMAKE_PREFIX_PATH}:/opt/ros/jazzy DEBUGINFOD_URLS=https://debuginfod.ubuntu.com /usr/bin/cmake /home/ksriniv2/Autolab/robot/ros_ws/src/autonomy/1_navigation/navigation_controller -DCMAKE_INSTALL_PREFIX=/home/ksriniv2/Autolab/install/navigation_controller
[0.691s] -- The C compiler identification is GNU 13.3.0
[0.691s] -- The CXX compiler identification is GNU 13.3.0
[0.691s] -- Detecting C compiler ABI info
[0.691s] -- Detecting C compiler ABI info - done
[0.691s] -- Check for working C compiler: /usr/bin/cc - skipped
[0.691s] -- Detecting C compile features
[0.691s] -- Detecting C compile features - done
[0.691s] -- Detecting CXX compiler ABI info
[0.691s] -- Detecting CXX compiler ABI info - done
[0.691s] -- Check for working CXX compiler: /usr/bin/c++ - skipped
[0.691s] -- Detecting CXX compile features
[0.691s] -- Detecting CXX compile features - done
[0.691s] -- Found ament_cmake: 2.5.4 (/opt/ros/jazzy/share/ament_cmake/cmake)
[0.691s] -- Found Python3: /usr/bin/python3 (found version "3.12.3") found components: Interpreter 
[0.691s] -- Found rclcpp: 28.1.13 (/opt/ros/jazzy/share/rclcpp/cmake)
[0.691s] -- Found rosidl_generator_c: 4.6.6 (/opt/ros/jazzy/share/rosidl_generator_c/cmake)
[0.691s] -- Found rosidl_generator_cpp: 4.6.6 (/opt/ros/jazzy/share/rosidl_generator_cpp/cmake)
[0.691s] -- Using all available rosidl_typesupport_c: rosidl_typesupport_fastrtps_c;rosidl_typesupport_introspection_c
[0.691s] -- Using all available rosidl_typesupport_cpp: rosidl_typesupport_fastrtps_cpp;rosidl_typesupport_introspection_cpp
[0.692s] -- Found rmw_implementation_cmake: 7.3.2 (/opt/ros/jazzy/share/rmw_implementation_cmake/cmake)
[0.692s] -- Found rmw_fastrtps_cpp: 8.4.3 (/opt/ros/jazzy/share/rmw_fastrtps_cpp/cmake)
[0.692s] -- Found OpenSSL: /usr/lib/x86_64-linux-gnu/libcrypto.so (found version "3.0.13")  
[0.692s] -- Found FastRTPS: /opt/ros/jazzy/include (Required is at least version "2.13") 
[0.692s] -- Using RMW implementation 'rmw_fastrtps_cpp' as default
[0.692s] -- Found nav_msgs: 5.3.6 (/opt/ros/jazzy/share/nav_msgs/cmake)
[0.692s] -- Found sensor_msgs: 5.3.6 (/opt/ros/jazzy/share/sensor_msgs/cmake)
[0.692s] -- Found ament_lint_auto: 0.17.3 (/opt/ros/jazzy/share/ament_lint_auto/cmake)
[0.742s] -- Added test 'cppcheck' to perform static code analysis on C / C++ code
[0.742s] -- Configured cppcheck include dirs: 
[0.742s] -- Configured cppcheck exclude dirs and/or files: 
[0.742s] -- Added test 'lint_cmake' to check CMake code style
[0.743s] -- Added test 'uncrustify' to check C / C++ code style
[0.743s] -- Configured uncrustify additional arguments: 
[0.743s] -- Added test 'xmllint' to check XML markup files
[0.743s] -- Configuring done (0.6s)
[0.749s] -- Generating done (0.0s)
[0.751s] -- Build files have been written to: /home/ksriniv2/Autolab/build/navigation_controller
