[0.031s] Invoking command in '/home/ksriniv2/Autolab/build/base_urdf': CMAKE_PREFIX_PATH=${CMAKE_PREFIX_PATH}:/opt/ros/jazzy DEBUGINFOD_URLS=https://debuginfod.ubuntu.com /usr/bin/cmake /home/ksriniv2/Autolab/robot/ros_ws/src/base_urdf -DCMAKE_INSTALL_PREFIX=/home/ksriniv2/Autolab/install/base_urdf
[0.696s] -- The C compiler identification is GNU 13.3.0
[0.696s] -- The CXX compiler identification is GNU 13.3.0
[0.696s] -- Detecting C compiler ABI info
[0.696s] -- Detecting C compiler ABI info - done
[0.696s] -- Check for working C compiler: /usr/bin/cc - skipped
[0.696s] -- Detecting C compile features
[0.696s] -- Detecting C compile features - done
[0.696s] -- Detecting CXX compiler ABI info
[0.696s] -- Detecting CXX compiler ABI info - done
[0.696s] -- Check for working CXX compiler: /usr/bin/c++ - skipped
[0.696s] -- Detecting CXX compile features
[0.696s] -- Detecting CXX compile features - done
[0.696s] -- Found ament_cmake: 2.5.4 (/opt/ros/jazzy/share/ament_cmake/cmake)
[0.696s] -- Found Python3: /usr/bin/python3 (found version "3.12.3") found components: Interpreter 
[0.696s] -- Configuring done (0.4s)
[0.697s] -- Generating done (0.0s)
[0.697s] -- Build files have been written to: /home/ksriniv2/Autolab/build/base_urdf
[0.708s] Invoked command in '/home/ksriniv2/Autolab/build/base_urdf' returned '0': CMAKE_PREFIX_PATH=${CMAKE_PREFIX_PATH}:/opt/ros/jazzy DEBUGINFOD_URLS=https://debuginfod.ubuntu.com /usr/bin/cmake /home/ksriniv2/Autolab/robot/ros_ws/src/base_urdf -DCMAKE_INSTALL_PREFIX=/home/ksriniv2/Autolab/install/base_urdf
[0.708s] Invoking command in '/home/ksriniv2/Autolab/build/base_urdf': CMAKE_PREFIX_PATH=${CMAKE_PREFIX_PATH}:/opt/ros/jazzy DEBUGINFOD_URLS=https://debuginfod.ubuntu.com /usr/bin/cmake --build /home/ksriniv2/Autolab/build/base_urdf -- -j32 -l32
